package basic
import "lib/foo"
import bar "lib/bar"
a: b: 42
